
> quiz-trivia-app@0.0.0 build
> tsc && node ./node_modules/vite/bin/vite.js build

src/features/multiplayer/components/HostControlPanel.tsx(38,30): error TS2554: Expected 3 arguments, but got 2.
src/features/multiplayer/components/HostControlPanel.tsx(39,25): error TS2345: Argument of type '"whoosh"' is not assignable to parameter of type 'SoundType'.
src/features/multiplayer/components/HostControlPanel.tsx(56,20): error TS2339: Property 'playBGM' does not exist on type 'SoundService'.
src/features/multiplayer/components/HostControlPanel.tsx(58,20): error TS2339: Property 'stopBGM' does not exist on type 'SoundService'.
src/features/multiplayer/components/index.ts(5,10): error TS2305: Module '"./RoomLobby"' has no exported member 'default'.
src/features/multiplayer/components/index.ts(6,10): error TS2305: Module '"./MultiplayerQuiz"' has no exported member 'default'.
src/features/multiplayer/components/MultiplayerQuiz.tsx(8,3): error TS6133: 'Clock' is declared but its value is never read.
src/features/multiplayer/components/MultiplayerQuiz.tsx(9,3): error TS6133: 'Users' is declared but its value is never read.
src/features/multiplayer/components/MultiplayerQuiz.tsx(10,3): error TS6133: 'AlertTriangle' is declared but its value is never read.
src/features/multiplayer/components/MultiplayerQuiz.tsx(22,10): error TS6133: 'powerUpsService' is declared but its value is never read.
src/features/multiplayer/components/MultiplayerQuiz.tsx(50,3): error TS6133: 'onExit' is declared but its value is never read.
src/features/multiplayer/components/MultiplayerQuiz.tsx(52,9): error TS6133: 't' is declared but its value is never read.
src/features/multiplayer/components/MultiplayerQuiz.tsx(53,9): error TS6133: 'navigate' is declared but its value is never read.
src/features/multiplayer/components/MultiplayerQuiz.tsx(61,16): error TS6133: 'setRank' is declared but its value is never read.
src/features/multiplayer/components/MultiplayerQuiz.tsx(73,9): error TS6133: 'timerRef' is declared but its value is never read.
src/features/multiplayer/components/MultiplayerQuiz.tsx(92,27): error TS2345: Argument of type '"win"' is not assignable to parameter of type 'SoundType'.
src/features/multiplayer/components/MultiplayerQuiz.tsx(120,11): error TS6133: 'connectedRef' is declared but its value is never read.
src/features/multiplayer/components/MultiplayerQuiz.tsx(120,42): error TS2551: Property 'listenToConnection' does not exist on type 'RealtimeMultiplayerService'. Did you mean 'listenToCountdown'?
src/features/multiplayer/components/MultiplayerQuiz.tsx(120,62): error TS7006: Parameter 'connected' implicitly has an 'any' type.
src/features/multiplayer/components/MultiplayerQuiz.tsx(138,23): error TS2345: Argument of type '"click"' is not assignable to parameter of type 'SoundType'.
src/features/multiplayer/components/MultiplayerQuiz.tsx(197,23): error TS2345: Argument of type '"powerup"' is not assignable to parameter of type 'SoundType'.
src/features/multiplayer/components/MultiplayerQuiz.tsx(462,3): error TS6133: 'type' is declared but its value is never read.
src/features/multiplayer/components/RoomLobby.tsx(44,3): error TS6133: 'gameStatus' is declared but its value is never read.
src/features/multiplayer/components/RoomLobby.tsx(52,10): error TS6133: 'copied' is declared but its value is never read.
src/features/multiplayer/components/RoomLobby.tsx(71,20): error TS2339: Property 'playBGM' does not exist on type 'SoundService'.
src/features/multiplayer/components/RoomLobby.tsx(73,20): error TS2339: Property 'stopBGM' does not exist on type 'SoundService'.
src/features/multiplayer/components/RoomLobby.tsx(75,31): error TS2339: Property 'stopBGM' does not exist on type 'SoundService'.
src/features/multiplayer/components/RoomLobby.tsx(81,20): error TS2345: Argument of type '{ remaining: number; isActive: boolean; } | null' is not assignable to parameter of type 'SetStateAction<number | null>'.
  Type '{ remaining: number; isActive: boolean; }' is not assignable to type 'SetStateAction<number | null>'.
src/features/multiplayer/components/RoomLobby.tsx(82,11): error TS2367: This comparison appears to be unintentional because the types '{ remaining: number; isActive: boolean; } | null' and 'number' have no overlap.
src/features/multiplayer/components/RoomLobby.tsx(119,29): error TS2339: Property 'removePlayer' does not exist on type 'RealtimeMultiplayerService'.
src/features/multiplayer/components/RoomLobby.tsx(127,72): error TS2339: Property 'currentUserId' does not exist on type 'RealtimeMultiplayerService'.
src/features/multiplayer/components/RoomLobby.tsx(129,29): error TS2554: Expected 3 arguments, but got 2.
src/features/multiplayer/components/RoomLobby.tsx(130,25): error TS2345: Argument of type '"click"' is not assignable to parameter of type 'SoundType'.
src/features/multiplayer/components/RoomLobby.tsx(139,23): error TS2345: Argument of type '"start"' is not assignable to parameter of type 'SoundType'.
src/features/multiplayer/components/RoomLobby.tsx(140,27): error TS2554: Expected 2 arguments, but got 1.
src/features/multiplayer/components/RoomLobby.tsx(177,56): error TS2339: Property 'currentUserId' does not exist on type 'RealtimeMultiplayerService'.
src/features/multiplayer/components/RoomLobby.tsx(235,58): error TS2339: Property 'currentUserId' does not exist on type 'RealtimeMultiplayerService'.
src/features/multiplayer/components/RoomLobby.tsx(384,66): error TS2339: Property 'currentUserId' does not exist on type 'RealtimeMultiplayerService'.
src/features/multiplayer/components/RoomLobby.tsx(389,65): error TS2339: Property 'currentUserId' does not exist on type 'RealtimeMultiplayerService'.
